from datetime import datetime

from pydantic import BaseModel, ConfigDict, Field


class OrdersCreate(BaseModel):
    """Create payload: common field types + optional FK-style relation stub."""

    model_config = ConfigDict(frozen=True)

    name: str = Field(min_length=1, max_length=128)
    description: str | None = Field(default=None, max_length=2000)
    quantity: int = Field(default=1, ge=0, le=1_000_000)
    is_active: bool = True
    parent_resource_id: str | None = Field(
        default=None,
        max_length=64,
        description="Optional link to another resource id (foreign-key style stub; no DB join enforced here).",
    )
    due_at: datetime | None = None


class OrdersUpdate(BaseModel):
    model_config = ConfigDict(frozen=True)

    name: str | None = Field(default=None, min_length=1, max_length=128)
    description: str | None = Field(default=None, max_length=2000)
    quantity: int | None = Field(default=None, ge=0, le=1_000_000)
    is_active: bool | None = None
    parent_resource_id: str | None = Field(default=None, max_length=64)
    due_at: datetime | None = None


class OrdersRead(BaseModel):
    model_config = ConfigDict(frozen=True)

    id: str
    name: str
    description: str | None
    quantity: int
    is_active: bool
    parent_resource_id: str | None
    due_at: datetime | None